// Jest Snapshot v1, https://goo.gl/fbAQLP

exports[`Pruebas en <PrimeraApp /> Debe mostrar <PrimeraApp /> correctamente 1`] = `
<Fragment>
  <h1>
    Probando saludo
  </h1>
  <p>
    Soy un subtitulo
  </p>
</Fragment>
`;

exports[`Pruebas en <PrimeraApp /> Debe mostrar <PrimeraApp correctamente /> 1`] = `
<Fragment>
  <h1>
    Probando saludo
  </h1>
  <p>
    Soy un subtitulo
  </p>
</Fragment>
`;
